2025-10-07 10:33:22,550 INFO root: File logging enabled: logs/ryuuko.log
2025-10-07 10:33:22,557 INFO root: Log rotation: daily, keeping 30 days
2025-10-07 10:33:22,557 INFO root: Compressed archives will be created in: logs
2025-10-07 10:33:22,557 INFO root: Starting application...
2025-10-07 10:33:22,557 INFO root: Initializing storage...
2025-10-07 10:33:22,557 INFO Config.Loader: Initializing MongoDB connection to database: polydevsdb
2025-10-07 10:33:27,602 CRITICAL Config.Loader: MongoDB initialization FAILED: No servers found yet, Timeout: 5.0s, Topology Description: <TopologyDescription id: 68e48a028565910c71eacae7, topology_type: Unknown, servers: [<ServerDescription ('192.168.2.254', 27017) server_type: Unknown, rtt: None>]>
2025-10-07 10:33:27,603 CRITICAL __main__: A fatal error occurred: MongoDB initialization FAILED: No servers found yet, Timeout: 5.0s, Topology Description: <TopologyDescription id: 68e48a028565910c71eacae7, topology_type: Unknown, servers: [<ServerDescription ('192.168.2.254', 27017) server_type: Unknown, rtt: None>]>
Traceback (most recent call last):
  File "/Users/zvwgvx/PycharmProjects/ryuuko-chatbot/src/config/loader.py", line 125, in init_storage
    client.admin.command('ping')
  File "/Users/zvwgvx/PycharmProjects/ryuuko-chatbot/.venv/lib/python3.12/site-packages/pymongo/_csot.py", line 125, in csot_wrapper
    return func(self, *args, **kwargs)
           ^^^^^^^^^^^^^^^^^^^^^^^^^^^
  File "/Users/zvwgvx/PycharmProjects/ryuuko-chatbot/.venv/lib/python3.12/site-packages/pymongo/synchronous/database.py", line 931, in command
    with self._client._conn_for_reads(read_preference, session, operation=command_name) as (
         ^^^^^^^^^^^^^^^^^^^^^^^^^^^^^^^^^^^^^^^^^^^^^^^^^^^^^^^^^^^^^^^^^^^^^^^^^^^^^^
  File "/Users/zvwgvx/PycharmProjects/ryuuko-chatbot/.venv/lib/python3.12/site-packages/pymongo/synchronous/mongo_client.py", line 1885, in _conn_for_reads
    server = self._select_server(read_preference, session, operation)
             ^^^^^^^^^^^^^^^^^^^^^^^^^^^^^^^^^^^^^^^^^^^^^^^^^^^^^^^^
  File "/Users/zvwgvx/PycharmProjects/ryuuko-chatbot/.venv/lib/python3.12/site-packages/pymongo/synchronous/mongo_client.py", line 1833, in _select_server
    server = topology.select_server(
             ^^^^^^^^^^^^^^^^^^^^^^^
  File "/Users/zvwgvx/PycharmProjects/ryuuko-chatbot/.venv/lib/python3.12/site-packages/pymongo/synchronous/topology.py", line 409, in select_server
    server = self._select_server(
             ^^^^^^^^^^^^^^^^^^^^
  File "/Users/zvwgvx/PycharmProjects/ryuuko-chatbot/.venv/lib/python3.12/site-packages/pymongo/synchronous/topology.py", line 387, in _select_server
    servers = self.select_servers(
              ^^^^^^^^^^^^^^^^^^^^
  File "/Users/zvwgvx/PycharmProjects/ryuuko-chatbot/.venv/lib/python3.12/site-packages/pymongo/synchronous/topology.py", line 294, in select_servers
    server_descriptions = self._select_servers_loop(
                          ^^^^^^^^^^^^^^^^^^^^^^^^^^
  File "/Users/zvwgvx/PycharmProjects/ryuuko-chatbot/.venv/lib/python3.12/site-packages/pymongo/synchronous/topology.py", line 344, in _select_servers_loop
    raise ServerSelectionTimeoutError(
pymongo.errors.ServerSelectionTimeoutError: No servers found yet, Timeout: 5.0s, Topology Description: <TopologyDescription id: 68e48a028565910c71eacae7, topology_type: Unknown, servers: [<ServerDescription ('192.168.2.254', 27017) server_type: Unknown, rtt: None>]>

The above exception was the direct cause of the following exception:

Traceback (most recent call last):
  File "/Users/zvwgvx/PycharmProjects/ryuuko-chatbot/src/__main__.py", line 38, in main
    loader.init_storage()
  File "/Users/zvwgvx/PycharmProjects/ryuuko-chatbot/src/config/loader.py", line 132, in init_storage
    raise RuntimeError(f"MongoDB initialization FAILED: {e}") from e
RuntimeError: MongoDB initialization FAILED: No servers found yet, Timeout: 5.0s, Topology Description: <TopologyDescription id: 68e48a028565910c71eacae7, topology_type: Unknown, servers: [<ServerDescription ('192.168.2.254', 27017) server_type: Unknown, rtt: None>]>
2025-10-07 12:31:32,817 INFO root: File logging enabled: logs/ryuuko.log
2025-10-07 12:31:32,817 INFO root: Log rotation: daily, keeping 30 days
2025-10-07 12:31:32,817 INFO root: Compressed archives will be created in: logs
2025-10-07 12:31:32,817 INFO root: Starting application...
2025-10-07 12:31:32,817 INFO root: Initializing storage...
2025-10-07 12:31:32,818 INFO Config.Loader: Initializing MongoDB connection to database: polydevsdb
2025-10-07 12:31:32,845 INFO Storage.Database: MongoDB indexes created successfully
2025-10-07 12:31:32,845 INFO Storage.Database: Successfully connected to MongoDB: polydevsdb
2025-10-07 12:31:32,846 INFO Config.Loader: MongoDB store initialized successfully.
2025-10-07 12:31:32,847 INFO root: Storage initialized successfully.
2025-10-07 12:31:32,847 INFO root: ==================================================
2025-10-07 12:31:32,847 INFO root: Ryuuko Chatbot Initializing...
2025-10-07 12:31:32,847 INFO root: Storage Type: MongoDB
2025-10-07 12:31:32,847 INFO root: Database Name: polydevsdb
2025-10-07 12:31:32,847 INFO root: AI Gateway Mode: Integrated (Direct Call)
2025-10-07 12:31:32,847 INFO root: ==================================================
2025-10-07 12:31:32,847 WARNING discord.client: PyNaCl is not installed, voice will NOT be supported
2025-10-07 12:31:32,847 INFO Bot.Main: [INIT] Initializing bot modules...
2025-10-07 12:31:32,847 INFO Storage.Memory: MemoryStore initialized with MongoDB backend.
2025-10-07 12:31:32,847 INFO Config.UserConfig: UserConfigManager initialized successfully with MongoDB.
2025-10-07 12:31:32,848 INFO Bot.Services.Auth: [OK] Loaded 3 authorized users from MongoDB.
2025-10-07 12:31:32,848 INFO Bot.Commands: [INIT] Registering all command groups...
2025-10-07 12:31:32,848 INFO Bot.Commands.Basic: Basic commands have been successfully registered.
2025-10-07 12:31:32,848 INFO Bot.Commands.User: User commands have been successfully registered.
2025-10-07 12:31:32,848 INFO Bot.Commands.Admin: Admin commands have been successfully registered.
2025-10-07 12:31:32,848 INFO Bot.Commands.System: System commands have been successfully registered.
2025-10-07 12:31:32,848 INFO Bot.Commands: [OK] All command groups have been registered.
2025-10-07 12:31:32,848 INFO Bot.Events.Messages: [OK] Message event listeners have been registered
2025-10-07 12:31:32,848 INFO Bot.Main: [OK] All bot modules initialized successfully.
2025-10-07 12:31:32,848 INFO root: Bot instance created. Starting bot...
2025-10-07 12:31:32,848 INFO Bot.Main: [HEALTH] Running pre-startup health checks...
2025-10-07 12:31:32,848 INFO HealthCheck: Starting health checks...
2025-10-07 12:31:33,290 INFO Bot.Main: [OK] All health checks passed!
2025-10-07 12:31:33,290 INFO Bot.Main: [START] Starting Discord bot...
2025-10-07 12:31:40,660 INFO Bot.Main: [OK] Bot is ready: Ryuuko#4024 (id=1405869084528087050)
2025-10-07 12:31:40,661 INFO Bot.Main: Registered prefix commands: ['addcredit', 'addmodel', 'auth', 'auths', 'clearmemory', 'deauth', 'deductcredit', 'editmodel', 'help', 'memory', 'model', 'models', 'ping', 'profile', 'removemodel', 'setcredit', 'setlevel', 'showprompt', 'sysprompt']
2025-10-07 12:42:53,437 INFO Bot.Main: [STOP] Bot shutdown initiated.
2025-10-07 12:42:53,439 INFO Bot.Main: [EXIT] Bot process exiting.
